<html>
<body>
<pre>
<h1>µVision Build Log</h1>
<h2>Tool Versions:</h2>
IDE-Version: µVision V5.29.0.0
Copyright (C) 2019 ARM Ltd and ARM Germany GmbH. All rights reserved.
License Information: Michael Samir, test, LIC=----
 
Tool Versions:
Toolchain:       MDK-Lite  Version: 5.29.0.0
Toolchain Path:  C:\Keil_v5\ARM\ARMCC\Bin
C Compiler:      Armcc.exe V5.06 update 6 (build 750)
Assembler:       Armasm.exe V5.06 update 6 (build 750)
Linker/Locator:  ArmLink.exe V5.06 update 6 (build 750)
Library Manager: ArmAr.exe V5.06 update 6 (build 750)
Hex Converter:   FromElf.exe V5.06 update 6 (build 750)
CPU DLL:         SARM.DLL V5.29.0.0
Dialog DLL:      DARMP.DLL V1.53.0.0
Target DLL:      UL2ARM.DLL V1.74.10.0
Dialog DLL:      TARMP.DLL V1.53.0.0
 
<h2>Project:</h2>
D:\egFWD\EDF Project\FWD_Advanced_Embedded_RTOS_Project-main\FWD_Advanced_Embedded_RTOS_Project-main\5_Project\FreeRTOS\Demo\ARM7_LPC2129_Keil_RVDS\RTOSDemo.uvproj
Project File Date:  11/09/2022

<h2>Output:</h2>
*** Using Compiler 'V5.06 update 6 (build 750)', folder: 'C:\Keil_v5\ARM\ARMCC\Bin'
Rebuild target 'RTOSDemo_THUMB'
assembling Startup.s...
assembling serialISR.s...
compiling ParTest.c...
compiling GPIO_cfg.c...
compiling GPIO.c...
Starter_Files_V1\source\GPIO.c(49): warning:  #127-D: expected a statement
  		}
Starter_Files_V1\source\GPIO.c: 1 warning, 0 errors
compiling main.c...
Starter_Files_V1\source\main.c(133): warning:  #223-D: function "xTaskPeriodicCreate" declared implicitly
  	xTaskPeriodicCreate(
Starter_Files_V1\source\main.c(253): warning:  #167-D: argument of type "void *" is incompatible with parameter of type "TaskHookFunction_t"
  	vTaskSetApplicationTaskTag( NULL, ( void * ) 20 );
Starter_Files_V1\source\main.c(266): warning:  #167-D: argument of type "volatile TickType_t *" is incompatible with parameter of type "TickType_t *const"
  	 vTaskDelayUntil( &xLastWakeTime , Button1_Task_Period); 
Starter_Files_V1\source\main.c(285): warning:  #167-D: argument of type "void *" is incompatible with parameter of type "TaskHookFunction_t"
  	vTaskSetApplicationTaskTag( NULL, ( void * ) 21 );
Starter_Files_V1\source\main.c(298): warning:  #167-D: argument of type "volatile TickType_t *" is incompatible with parameter of type "TickType_t *const"
  	 vTaskDelayUntil( &xLastWakeTime , Button2_Task_Period); 
Starter_Files_V1\source\main.c(314): warning:  #223-D: function "strcpy" declared implicitly
  	strcpy( TX_Msg.String, PeriodicMsg );
Starter_Files_V1\source\main.c(318): warning:  #167-D: argument of type "void *" is incompatible with parameter of type "TaskHookFunction_t"
  	vTaskSetApplicationTaskTag( NULL, ( void * ) 22 );
Starter_Files_V1\source\main.c(327): warning:  #167-D: argument of type "volatile TickType_t *" is incompatible with parameter of type "TickType_t *const"
  	 vTaskDelayUntil( &xLastWakeTime , TX_Task_Period); 
Starter_Files_V1\source\main.c(343): warning:  #167-D: argument of type "void *" is incompatible with parameter of type "TaskHookFunction_t"
  	vTaskSetApplicationTaskTag( NULL, ( void * ) 23 );
Starter_Files_V1\source\main.c(354): warning:  #191-D: type qualifier is meaningless on cast type
  		 vSerialPutString((const signed char * const)RX_Msg.String,sizeof(RX_Msg.String));
Starter_Files_V1\source\main.c(361): warning:  #191-D: type qualifier is meaningless on cast type
  			vSerialPutString((const signed char * const)"\nButton 1 is ON!",sizeof("\nButton 1 is OFF!"));
Starter_Files_V1\source\main.c(365): warning:  #191-D: type qualifier is meaningless on cast type
  			vSerialPutString((const signed char * const)"\nButton 1 is OFF!",sizeof("\nButton 1 is OFF!"));
Starter_Files_V1\source\main.c(373): warning:  #191-D: type qualifier is meaningless on cast type
  			vSerialPutString((const signed char * const)"\nButton 2 is ON!",sizeof("\nButton 2 is OFF!"));
Starter_Files_V1\source\main.c(377): warning:  #191-D: type qualifier is meaningless on cast type
  			vSerialPutString((const signed char * const)"\nButton 2 is OFF!",sizeof("\nButton 2 is OFF!"));
Starter_Files_V1\source\main.c(382): warning:  #167-D: argument of type "volatile TickType_t *" is incompatible with parameter of type "TickType_t *const"
  	 vTaskDelayUntil( &xLastWakeTime , RX_Task_Period); 
Starter_Files_V1\source\main.c(399): warning:  #167-D: argument of type "void *" is incompatible with parameter of type "TaskHookFunction_t"
  	vTaskSetApplicationTaskTag( NULL, ( void * ) 24 );
Starter_Files_V1\source\main.c(409): warning:  #167-D: argument of type "volatile TickType_t *" is incompatible with parameter of type "TickType_t *const"
  	 vTaskDelayUntil( &xLastWakeTime , LOAD1_Task_Period); 
Starter_Files_V1\source\main.c(426): warning:  #167-D: argument of type "void *" is incompatible with parameter of type "TaskHookFunction_t"
  	vTaskSetApplicationTaskTag( NULL, ( void * ) 25 );
Starter_Files_V1\source\main.c(436): warning:  #167-D: argument of type "volatile TickType_t *" is incompatible with parameter of type "TickType_t *const"
  	 vTaskDelayUntil( &xLastWakeTime , LOAD2_Task_Period); 
Starter_Files_V1\source\main.c: 19 warnings, 0 errors
compiling serial.c...
Starter_Files_V1\source\serial.c(185): warning:  #550-D: variable "cChar"  was set but never used
  signed char cChar;
Starter_Files_V1\source\serial.c: 1 warning, 0 errors
compiling list.c...
compiling tasks.c...
..\..\Source\tasks.c(2247): warning:  #767-D: conversion from pointer to smaller integer
          traceTASK_SWITCHED_IN();
..\..\Source\tasks.c(2691): warning:  #177-D: variable "uxQueue"  was declared but never referenced
          UBaseType_t uxTask = 0, uxQueue = configMAX_PRIORITIES;
..\..\Source\tasks.c(3210): warning:  #767-D: conversion from pointer to smaller integer
          traceTASK_SWITCHED_OUT();
..\..\Source\tasks.c(3269): warning:  #767-D: conversion from pointer to smaller integer
          traceTASK_SWITCHED_IN();
..\..\Source\tasks.c(5649): warning:  #1-D: last line of file ends without a newline
  #endif /* if ( configINCLUDE_FREERTOS_TASK_C_ADDITIONS_H == 1 ) */
..\..\Source\tasks.c: 5 warnings, 0 errors
compiling queue.c...
compiling port.c...
assembling portASM.s...
compiling heap_2.c...
linking...
Program Size: Code=15368 RO-data=32 RW-data=232 ZI-data=15472  
FromELF: creating hex file...
".\bin\RTOSDemo.axf" - 0 Error(s), 26 Warning(s).
Build Time Elapsed:  00:00:04
</pre>
</body>
</html>
